// Jest Snapshot v1, https://goo.gl/fbAQLP

exports[`renders html 1`] = `
Object {
  "asFragment": [Function],
  "baseElement": <body>
    <div>
      <form>
        <input
          class="form-control"
          name="name"
          type="text"
          value="John Doe"
        />
        <input
          class="form-control"
          name="title"
          type="text"
          value="Engineer"
        />
        <input
          class="form-control"
          name="email"
          type="text"
          value="john.doe@innablr.com.au"
        />
        <input
          class="form-control"
          name="phone"
          type="text"
          value="+61 435 123 456"
        />
        <hr />
        <table
          border="0"
          cellpadding="0"
          cellspacing="0"
        >
          <tbody>
            <tr>
              <td
                style="border-right: 2px solid #231f20; padding: 0px 10px 0px 5px; vertical-align: middle;"
                valign="middle"
              >
                <a
                  href="https://innablr.com.au"
                  target="_blank"
                >
                  <img
                    alt="Innablr"
                    height="86"
                    src="https://www.innablr.com.au/signature-logos/innablr.gif"
                    style="max-height: 86px; display: block;"
                    width="72"
                  />
                </a>
              </td>
              <td
                style="vertical-align: middle; padding-left: 10px;"
              >
                <table
                  border="0"
                  cellpadding="0"
                  cellspacing="0"
                >
                  <tbody>
                    <tr>
                      <td
                        style="padding-bottom: 0px; font-family: Verdana; font-size: 9pt; color: rgb(35, 31, 32);"
                      >
                        <font
                          style="font-weight: bold; font-family: Verdana; font-size: 9pt; color: rgb(35, 31, 32);"
                        >
                          John Doe
                        </font>
                      </td>
                    </tr>
                    <tr>
                      <td
                        style="padding-bottom: 5px; font-family: Verdana; font-size: 9pt; color: rgb(35, 31, 32);"
                      >
                        <font
                          style="font-family: Verdana; font-size: 9pt; color: rgb(35, 31, 32);"
                        >
                          Engineer
                        </font>
                      </td>
                    </tr>
                    <tr>
                      <td
                        style="padding-bottom: 0px; font-family: Verdana; font-size: 9pt;"
                      >
                        <font
                          style="color: rgb(51, 51, 51); font-size: 9pt; font-family: Verdana;"
                        >
                          <b>
                            m.
                          </b>
                           
                          <a
                            href="tel:+61435123456"
                            style="color: rgb(98, 68, 187); text-decoration: none;"
                            target="_blank"
                          >
                            +61 435 123 456
                          </a>
                        </font>
                      </td>
                    </tr>
                    <tr>
                      <td
                        style="padding-bottom: 0px; font-family: Verdana; font-size: 9pt;"
                      >
                        <font
                          style="color: rgb(51, 51, 51); font-size: 9pt; font-family: Verdana;"
                        >
                          <b>
                            e.
                          </b>
                           
                          <a
                            href="mailto:john.doe@innablr.com.au"
                            style="color: rgb(98, 68, 187); text-decoration: none;"
                            target="_blank"
                          >
                            john.doe@innablr.com.au
                          </a>
                        </font>
                      </td>
                    </tr>
                    <tr>
                      <td
                        style="padding-bottom: 5px; font-family: Verdana; font-size: 9pt;"
                      >
                        <font
                          style="color: rgb(51, 51, 51); font-size: 9pt; font-family: Verdana;"
                        >
                          <b>
                            w.
                          </b>
                           
                          <a
                            href="https://innablr.com.au"
                            style="color: rgb(98, 68, 187); text-decoration: none;"
                            target="_blank"
                          >
                            innablr.com.au
                          </a>
                        </font>
                      </td>
                    </tr>
                    <tr>
                      <td
                        style="padding-bottom: 0px; font-family: Verdana; font-size: 9pt;"
                      >
                        <table
                          border="0"
                          cellpadding="0"
                          cellspacing="0"
                        >
                          <tbody>
                            <tr>
                              <td
                                style="padding: 0px 2px 0px 0px;"
                              >
                                <a
                                  href="https://www.linkedin.com/company/innablr"
                                  style="color: rgb(98, 68, 187); text-decoration: none;"
                                  target="_blank"
                                >
                                  <img
                                    alt="LinkedIn"
                                    height="12"
                                    src="https://www.innablr.com.au/signature-logos/linkedin.png"
                                    style="max-height: 12px; display: block;"
                                    width="12"
                                  />
                                </a>
                              </td>
                              <td
                                style="padding: 1px 2px 0px 2px;"
                              >
                                <a
                                  href="https://twitter.com/InnablrTech"
                                  style="color: rgb(98, 68, 187); text-decoration: none;"
                                  target="_blank"
                                >
                                  <img
                                    alt="Twitter"
                                    height="11"
                                    src="https://www.innablr.com.au/signature-logos/twitter.png"
                                    style="max-height: 11px; display: block;"
                                    width="13"
                                  />
                                </a>
                              </td>
                              <td
                                style="padding: 0px 2px;"
                              >
                                <a
                                  href="https://www.facebook.com/InnablrTech"
                                  style="color: rgb(98, 68, 187); text-decoration: none;"
                                  target="_blank"
                                >
                                  <img
                                    alt="Facebook"
                                    height="12"
                                    src="https://www.innablr.com.au/signature-logos/facebook.png"
                                    style="max-height: 12px; display: block;"
                                    width="6"
                                  />
                                </a>
                              </td>
                              <td
                                style="padding: 0px 2px;"
                              >
                                <a
                                  href="https://goo.gl/maps/GtZMJSCMsuu"
                                  style="color: rgb(98, 68, 187); text-decoration: none;"
                                  target="_blank"
                                >
                                  <img
                                    alt="Map"
                                    height="12"
                                    src="https://www.innablr.com.au/signature-logos/pin.png"
                                    style="max-height: 12px; display: block;"
                                    width="7"
                                  />
                                </a>
                              </td>
                            </tr>
                          </tbody>
                        </table>
                      </td>
                    </tr>
                  </tbody>
                </table>
              </td>
            </tr>
          </tbody>
        </table>
      </form>
    </div>
  </body>,
  "container": <div>
    <form>
      <input
        class="form-control"
        name="name"
        type="text"
        value="John Doe"
      />
      <input
        class="form-control"
        name="title"
        type="text"
        value="Engineer"
      />
      <input
        class="form-control"
        name="email"
        type="text"
        value="john.doe@innablr.com.au"
      />
      <input
        class="form-control"
        name="phone"
        type="text"
        value="+61 435 123 456"
      />
      <hr />
      <table
        border="0"
        cellpadding="0"
        cellspacing="0"
      >
        <tbody>
          <tr>
            <td
              style="border-right: 2px solid #231f20; padding: 0px 10px 0px 5px; vertical-align: middle;"
              valign="middle"
            >
              <a
                href="https://innablr.com.au"
                target="_blank"
              >
                <img
                  alt="Innablr"
                  height="86"
                  src="https://www.innablr.com.au/signature-logos/innablr.gif"
                  style="max-height: 86px; display: block;"
                  width="72"
                />
              </a>
            </td>
            <td
              style="vertical-align: middle; padding-left: 10px;"
            >
              <table
                border="0"
                cellpadding="0"
                cellspacing="0"
              >
                <tbody>
                  <tr>
                    <td
                      style="padding-bottom: 0px; font-family: Verdana; font-size: 9pt; color: rgb(35, 31, 32);"
                    >
                      <font
                        style="font-weight: bold; font-family: Verdana; font-size: 9pt; color: rgb(35, 31, 32);"
                      >
                        John Doe
                      </font>
                    </td>
                  </tr>
                  <tr>
                    <td
                      style="padding-bottom: 5px; font-family: Verdana; font-size: 9pt; color: rgb(35, 31, 32);"
                    >
                      <font
                        style="font-family: Verdana; font-size: 9pt; color: rgb(35, 31, 32);"
                      >
                        Engineer
                      </font>
                    </td>
                  </tr>
                  <tr>
                    <td
                      style="padding-bottom: 0px; font-family: Verdana; font-size: 9pt;"
                    >
                      <font
                        style="color: rgb(51, 51, 51); font-size: 9pt; font-family: Verdana;"
                      >
                        <b>
                          m.
                        </b>
                         
                        <a
                          href="tel:+61435123456"
                          style="color: rgb(98, 68, 187); text-decoration: none;"
                          target="_blank"
                        >
                          +61 435 123 456
                        </a>
                      </font>
                    </td>
                  </tr>
                  <tr>
                    <td
                      style="padding-bottom: 0px; font-family: Verdana; font-size: 9pt;"
                    >
                      <font
                        style="color: rgb(51, 51, 51); font-size: 9pt; font-family: Verdana;"
                      >
                        <b>
                          e.
                        </b>
                         
                        <a
                          href="mailto:john.doe@innablr.com.au"
                          style="color: rgb(98, 68, 187); text-decoration: none;"
                          target="_blank"
                        >
                          john.doe@innablr.com.au
                        </a>
                      </font>
                    </td>
                  </tr>
                  <tr>
                    <td
                      style="padding-bottom: 5px; font-family: Verdana; font-size: 9pt;"
                    >
                      <font
                        style="color: rgb(51, 51, 51); font-size: 9pt; font-family: Verdana;"
                      >
                        <b>
                          w.
                        </b>
                         
                        <a
                          href="https://innablr.com.au"
                          style="color: rgb(98, 68, 187); text-decoration: none;"
                          target="_blank"
                        >
                          innablr.com.au
                        </a>
                      </font>
                    </td>
                  </tr>
                  <tr>
                    <td
                      style="padding-bottom: 0px; font-family: Verdana; font-size: 9pt;"
                    >
                      <table
                        border="0"
                        cellpadding="0"
                        cellspacing="0"
                      >
                        <tbody>
                          <tr>
                            <td
                              style="padding: 0px 2px 0px 0px;"
                            >
                              <a
                                href="https://www.linkedin.com/company/innablr"
                                style="color: rgb(98, 68, 187); text-decoration: none;"
                                target="_blank"
                              >
                                <img
                                  alt="LinkedIn"
                                  height="12"
                                  src="https://www.innablr.com.au/signature-logos/linkedin.png"
                                  style="max-height: 12px; display: block;"
                                  width="12"
                                />
                              </a>
                            </td>
                            <td
                              style="padding: 1px 2px 0px 2px;"
                            >
                              <a
                                href="https://twitter.com/InnablrTech"
                                style="color: rgb(98, 68, 187); text-decoration: none;"
                                target="_blank"
                              >
                                <img
                                  alt="Twitter"
                                  height="11"
                                  src="https://www.innablr.com.au/signature-logos/twitter.png"
                                  style="max-height: 11px; display: block;"
                                  width="13"
                                />
                              </a>
                            </td>
                            <td
                              style="padding: 0px 2px;"
                            >
                              <a
                                href="https://www.facebook.com/InnablrTech"
                                style="color: rgb(98, 68, 187); text-decoration: none;"
                                target="_blank"
                              >
                                <img
                                  alt="Facebook"
                                  height="12"
                                  src="https://www.innablr.com.au/signature-logos/facebook.png"
                                  style="max-height: 12px; display: block;"
                                  width="6"
                                />
                              </a>
                            </td>
                            <td
                              style="padding: 0px 2px;"
                            >
                              <a
                                href="https://goo.gl/maps/GtZMJSCMsuu"
                                style="color: rgb(98, 68, 187); text-decoration: none;"
                                target="_blank"
                              >
                                <img
                                  alt="Map"
                                  height="12"
                                  src="https://www.innablr.com.au/signature-logos/pin.png"
                                  style="max-height: 12px; display: block;"
                                  width="7"
                                />
                              </a>
                            </td>
                          </tr>
                        </tbody>
                      </table>
                    </td>
                  </tr>
                </tbody>
              </table>
            </td>
          </tr>
        </tbody>
      </table>
    </form>
  </div>,
  "debug": [Function],
  "findAllByAltText": [Function],
  "findAllByDisplayValue": [Function],
  "findAllByLabelText": [Function],
  "findAllByPlaceholderText": [Function],
  "findAllByRole": [Function],
  "findAllByTestId": [Function],
  "findAllByText": [Function],
  "findAllByTitle": [Function],
  "findByAltText": [Function],
  "findByDisplayValue": [Function],
  "findByLabelText": [Function],
  "findByPlaceholderText": [Function],
  "findByRole": [Function],
  "findByTestId": [Function],
  "findByText": [Function],
  "findByTitle": [Function],
  "getAllByAltText": [Function],
  "getAllByDisplayValue": [Function],
  "getAllByLabelText": [Function],
  "getAllByPlaceholderText": [Function],
  "getAllByRole": [Function],
  "getAllByTestId": [Function],
  "getAllByText": [Function],
  "getAllByTitle": [Function],
  "getByAltText": [Function],
  "getByDisplayValue": [Function],
  "getByLabelText": [Function],
  "getByPlaceholderText": [Function],
  "getByRole": [Function],
  "getByTestId": [Function],
  "getByText": [Function],
  "getByTitle": [Function],
  "queryAllByAltText": [Function],
  "queryAllByDisplayValue": [Function],
  "queryAllByLabelText": [Function],
  "queryAllByPlaceholderText": [Function],
  "queryAllByRole": [Function],
  "queryAllByTestId": [Function],
  "queryAllByText": [Function],
  "queryAllByTitle": [Function],
  "queryByAltText": [Function],
  "queryByDisplayValue": [Function],
  "queryByLabelText": [Function],
  "queryByPlaceholderText": [Function],
  "queryByRole": [Function],
  "queryByTestId": [Function],
  "queryByText": [Function],
  "queryByTitle": [Function],
  "rerender": [Function],
  "unmount": [Function],
}
`;
